Unrecognized token `3` found at 9:10
Expected one of r#"[a-zA-Z_.][a-zA-Z_.0-9]*"#