(test_nums) = let a = 53246262234; let b = 65535; let c = 0.23565639999999988; let d = 34689798134.7677; (Pair (+ a b) (+ c d))